======================================================================
🔬 麦谷上游 vs STS中转 GLM 对比测试
======================================================================
  端点: ['麦谷上游', 'STS中转']
  模型: ['glm-5.1', 'glm-5.2']
  上下文: ['4K', '16K', '64K', '128K']
  模式: 完整

▶  [麦谷上游] [glm-5.1] [4K] ...
    [4K] 样本#1 ✓ TTFT=11.119s TPOT=20.00ms TPS=50.00 评分=58.0 思考=653chunks
    [4K] 样本#2 ✓ TTFT=16.531s TPOT=17.09ms TPS=58.51 评分=58.0 思考=681chunks
    [4K] 样本#3 ✓ TTFT=12.729s TPOT=12.18ms TPS=82.12 评分=51.0 思考=705chunks
▶  [麦谷上游] [glm-5.1] [16K] ...
    [16K] 样本#1 ✓ TTFT=13.536s TPOT=8.60ms TPS=116.25 评分=58.0 思考=586chunks
    [16K] 样本#2 ✓ TTFT=17.780s TPOT=6.97ms TPS=143.50 评分=58.0 思考=937chunks
    [16K] 样本#3 ✓ TTFT=14.981s TPOT=11.11ms TPS=89.99 评分=51.0 思考=757chunks
▶  [麦谷上游] [glm-5.1] [64K] ...
    [64K] 样本#1 ✓ TTFT=7.353s TPOT=26.85ms TPS=37.24 评分=51.0
    [64K] 样本#2 ✓ TTFT=20.069s TPOT=14.36ms TPS=69.65 评分=51.0 思考=848chunks
▶  [麦谷上游] [glm-5.1] [128K] ...
    [128K] 样本#1 ✓ TTFT=25.046s TPOT=10.33ms TPS=96.77 评分=51.0 思考=513chunks
    [128K] 样本#2 ✓ TTFT=19.660s TPOT=12.41ms TPS=80.60 评分=51.0 思考=392chunks
▶  [麦谷上游] [glm-5.2] [4K] ...
    [4K] 样本#1 ✓ TTFT=17.399s TPOT=13.18ms TPS=75.89 评分=51.0 思考=724chunks
    [4K] 样本#2 ✓ TTFT=13.209s TPOT=11.60ms TPS=86.18 评分=58.0 思考=589chunks
    [4K] 样本#3 ✓ TTFT=12.116s TPOT=15.04ms TPS=66.47 评分=58.0 思考=671chunks
▶  [麦谷上游] [glm-5.2] [16K] ...
    [16K] 样本#1 ✓ TTFT=23.368s TPOT=13.64ms TPS=73.31 评分=51.0 思考=934chunks
    [16K] 样本#2 ✓ TTFT=25.841s TPOT=7.71ms TPS=129.65 评分=51.0 思考=1746chunks
    [16K] 样本#3 ✓ TTFT=24.939s TPOT=13.78ms TPS=72.59 评分=58.0 思考=1298chunks
▶  [麦谷上游] [glm-5.2] [64K] ...
    [64K] 样本#1 ✓ TTFT=19.422s TPOT=11.42ms TPS=87.53 评分=58.0 思考=913chunks
    [64K] 样本#2 ✓ TTFT=22.142s TPOT=3.91ms TPS=255.85 评分=51.0 思考=809chunks
▶  [麦谷上游] [glm-5.2] [128K] ...
    [128K] 样本#1 ✓ TTFT=23.111s TPOT=19.04ms TPS=52.53 评分=51.0 思考=538chunks
    [128K] 样本#2 ✓ TTFT=18.923s TPOT=13.85ms TPS=72.19 评分=51.0 思考=496chunks
▶  [STS中转] [glm-5.1] [4K] ...
    [4K] 样本#1 ✓ TTFT=19.631s TPOT=13.48ms TPS=74.20 评分=58.0 思考=637chunks
    [4K] 样本#2 ✓ TTFT=15.502s TPOT=12.70ms TPS=78.73 评分=51.0 思考=794chunks
    [4K] 样本#3 ✓ TTFT=13.124s TPOT=14.72ms TPS=67.93 评分=58.0 思考=504chunks
▶  [STS中转] [glm-5.1] [16K] ...
    [16K] 样本#1 ✓ TTFT=10.182s TPOT=14.93ms TPS=66.96 评分=51.0 思考=328chunks
    [16K] 样本#2 ✓ TTFT=10.218s TPOT=9.86ms TPS=101.40 评分=58.0 思考=601chunks
    [16K] 样本#3 ✓ TTFT=11.837s TPOT=12.14ms TPS=82.36 评分=58.0 思考=597chunks
▶  [STS中转] [glm-5.1] [64K] ...
    [64K] 样本#1 ✓ TTFT=12.319s TPOT=14.52ms TPS=68.86 评分=51.0 思考=521chunks
    [64K] 样本#2 ✓ TTFT=12.473s TPOT=15.30ms TPS=65.35 评分=58.0 思考=471chunks
▶  [STS中转] [glm-5.1] [128K] ...
    [128K] 样本#1 ✓ TTFT=13.362s TPOT=12.50ms TPS=79.99 评分=58.0 思考=495chunks
    [128K] 样本#2 ✓ TTFT=15.228s TPOT=12.41ms TPS=80.59 评分=51.0 思考=515chunks
▶  [STS中转] [glm-5.2] [4K] ...
    [4K] 样本#1 ✓ TTFT=11.914s TPOT=18.08ms TPS=55.30 评分=51.0 思考=416chunks
    [4K] 样本#2 ✓ TTFT=15.269s TPOT=10.97ms TPS=91.19 评分=51.0 思考=1022chunks
    [4K] 样本#3 ✓ TTFT=17.332s TPOT=19.64ms TPS=50.90 评分=58.0 思考=741chunks
▶  [STS中转] [glm-5.2] [16K] ...
    [16K] 样本#1 ✓ TTFT=23.226s TPOT=13.06ms TPS=76.56 评分=51.0 思考=748chunks
    [16K] 样本#2 ✓ TTFT=15.368s TPOT=12.05ms TPS=83.00 评分=51.0 思考=861chunks
    [16K] 样本#3 ✓ TTFT=17.367s TPOT=9.79ms TPS=102.14 评分=58.0 思考=1063chunks
▶  [STS中转] [glm-5.2] [64K] ...
    [64K] 样本#1 ✓ TTFT=11.125s TPOT=11.07ms TPS=90.37 评分=58.0 思考=511chunks
    [64K] 样本#2 ✓ TTFT=14.960s TPOT=12.14ms TPS=82.38 评分=51.0 思考=529chunks
▶  [STS中转] [glm-5.2] [128K] ...
    [128K] 样本#1 ✓ TTFT=15.135s TPOT=12.23ms TPS=81.78 评分=58.0 思考=599chunks
    [128K] 样本#2 ✓ TTFT=16.560s TPOT=12.19ms TPS=82.05 评分=51.0 思考=765chunks

[信息] 正在聚合数据...

[信息] 正在生成报告...
  JSON 报告已保存: maigu_sts_report.json
  Excel 报告已保存: maigu_sts_compare.xlsx

==========================================================================================
📊 麦谷上游 vs STS中转 对比报告
==========================================================================================

────────────────────────────────────────────────────────────────────────────────────────
  📌 上下文: 4K
────────────────────────────────────────────────────────────────────────────────────────
  端点         模型         TTFT(s)    TPOT(ms)   TPS      任务评分       成功率     
  ──────────────────────────────────────────────────────────────────────────────
  STS中转      glm-5.1    16.086     13.63      73.62    55.7       100.0   
  STS中转      glm-5.2    14.838     16.23      65.80    53.3       100.0   
  麦谷上游       glm-5.1    13.460     16.42      63.54    55.7       100.0   
  麦谷上游       glm-5.2    14.241     13.27      76.18    55.7       100.0   

────────────────────────────────────────────────────────────────────────────────────────
  📌 上下文: 16K
────────────────────────────────────────────────────────────────────────────────────────
  端点         模型         TTFT(s)    TPOT(ms)   TPS      任务评分       成功率     
  ──────────────────────────────────────────────────────────────────────────────
  STS中转      glm-5.1    10.746     12.31      83.57    55.7       100.0   
  STS中转      glm-5.2    18.654     11.63      87.23    53.3       100.0   
  麦谷上游       glm-5.1    15.432     8.89       116.58   55.7       100.0   
  麦谷上游       glm-5.2    24.716     11.71      91.85    53.3       100.0   

────────────────────────────────────────────────────────────────────────────────────────
  📌 上下文: 64K
────────────────────────────────────────────────────────────────────────────────────────
  端点         模型         TTFT(s)    TPOT(ms)   TPS      任务评分       成功率     
  ──────────────────────────────────────────────────────────────────────────────
  STS中转      glm-5.1    12.396     14.91      67.10    54.5       100.0   
  STS中转      glm-5.2    13.043     11.61      86.38    54.5       100.0   
  麦谷上游       glm-5.1    13.711     20.61      53.45    51.0       100.0   
  麦谷上游       glm-5.2    20.782     7.67       171.69   54.5       100.0   

────────────────────────────────────────────────────────────────────────────────────────
  📌 上下文: 128K
────────────────────────────────────────────────────────────────────────────────────────
  端点         模型         TTFT(s)    TPOT(ms)   TPS      任务评分       成功率     
  ──────────────────────────────────────────────────────────────────────────────
  STS中转      glm-5.1    14.295     12.46      80.29    54.5       100.0   
  STS中转      glm-5.2    15.848     12.21      81.91    54.5       100.0   
  麦谷上游       glm-5.1    22.353     11.37      88.69    51.0       100.0   
  麦谷上游       glm-5.2    21.017     16.45      62.36    51.0       100.0   

======================================================================
✅ 测试完成！
  JSON 报告: maigu_sts_report.json
  Excel 报告: maigu_sts_compare.xlsx
======================================================================
